
<!DOCTYPE html>
<html lang="en">
<head>
    <title>My amazing blog!</title>
    <meta charset="UTF-8"/>
    <meta name="description" content="Wow, like and subscribe, it really helps the channel guys" lang="en"/>
    <style>
        body {
            font-family: sans-serif;
            line-height: 1.6;
            margin: 0;
            background-color: #121212;
            color: #e0e0e0;
        }
        .container {
            max-width: 800px;
            margin: auto;
            padding: 20px;
        }
        nav {
            background: #1f1f1f;
            padding: 1rem;
            border-bottom: 1px solid #333;
        }
        nav h1 {
            display: inline-block;
            margin: 0;
        }
        nav ul {
            display: inline-block;
            list-style-type: none;
            margin: 0;
            padding: 0;
        }
        nav li {
            display: inline;
            margin-left: 20px;
        }
        a {
            color: #bb86fc;
            text-decoration: none;
        }
        a:hover {
            text-decoration: underline;
        }
        footer {
            text-align: center;
            padding: 20px;
            margin-top: 40px;
            border-top: 1px solid #333;
        }
        footer ul {
            list-style-type: none;
            padding: 0;
        }
        footer li {
            display: inline;
            margin: 0 10px;
        }
    </style>
</head>
<body>
<div class="container">
<nav role="navigation">
    <h1>Budding Gopher's blog</h1>
    <ul>
        <li><a href="/">home</a></li>
        <li><a href="about">about</a></li>
        <li><a href="archive">archive</a></li>
    </ul>
</nav>
<main>

<ol><li><a href="/post/hello-world">Hello world</a></li><li><a href="/post/hello-world-2">Hello world 2</a></li></ol>

</main>
</div>
<footer>
    <ul>
        <li><a href="https://twitter.com/quii">Twitter</a></li>
        <li><a href="https://github.com/quii">GitHub</a></li>
    </ul>
</footer>
</body>
</html>
